// Jest Snapshot v1, https://goo.gl/fbAQLP

exports[`index imports 1`] = `
Array [
  "AtemMediaPoolType",
  "AtemTransitionStyle",
  "BlendMode",
  "CasparCGDevice",
  "ChannelFormat",
  "Chroma",
  "Conductor",
  "DEFAULT_PREPARATION_TIME",
  "Device",
  "DeviceContainer",
  "DeviceType",
  "Direction",
  "DoOnTime",
  "Ease",
  "HyperdeckDevice",
  "LOOKAHEADTIME",
  "LawoDeviceMode",
  "MINTIMEUNIT",
  "MINTRIGGERTIME",
  "MappingAtemType",
  "MappingHyperdeckType",
  "MappingLawoType",
  "MappingPanasonicPtzType",
  "MappingSisyfosType",
  "MappingVMixType",
  "MediaSourceType",
  "OSCValueType",
  "PREPARETIME",
  "QuantelControlMode",
  "QuantelDevice",
  "QuantelTransitionType",
  "SendMode",
  "SlotId",
  "SlotStatus",
  "Timeline",
  "TimelineContentTypeAtem",
  "TimelineContentTypeCasparCg",
  "TimelineContentTypeHTTP",
  "TimelineContentTypeHyperdeck",
  "TimelineContentTypeLawo",
  "TimelineContentTypeOSC",
  "TimelineContentTypePanasonicPtz",
  "TimelineContentTypePharos",
  "TimelineContentTypeSingularLive",
  "TimelineContentTypeSisyfos",
  "TimelineContentTypeTcp",
  "TimelineContentTypeVMix",
  "TimelineContentTypeVizMSE",
  "Transition",
  "TransportStatus",
  "VIZMSETransitionType",
  "VMixCommand",
  "VMixInputType",
  "VMixTransitionType",
  "VideoFormat",
  "VizMSEDevice",
]
`;
